// Jest Snapshot v1, https://goo.gl/fbAQLP

exports[`Navbar component it matches the snapshot 1`] = `
<div
  className="makeStyles-navbar-1"
>
  <div
    className="makeStyles-dashboard-2"
  >
    <p
      className="MuiTypography-root MuiTypography-body1"
    >
      Dashboard
    </p>
  </div>
  <button
    className="MuiButtonBase-root MuiButton-root makeStyles-logout-3 MuiButton-text MuiButton-textSecondary"
    disabled={false}
    onBlur={[Function]}
    onDragLeave={[Function]}
    onFocus={[Function]}
    onKeyDown={[Function]}
    onKeyUp={[Function]}
    onMouseDown={[Function]}
    onMouseLeave={[Function]}
    onMouseUp={[Function]}
    onTouchEnd={[Function]}
    onTouchMove={[Function]}
    onTouchStart={[Function]}
    tabIndex={0}
    type="button"
  >
    <span
      className="MuiButton-label"
    >
      Logout
    </span>
  </button>
</div>
`;
