// Jest Snapshot v1, https://goo.gl/fbAQLP

exports[`SignupForm component it matches the snapshot 1`] = `
Array [
  <h1
    className="MuiTypography-root MuiTypography-h1 MuiTypography-alignCenter"
    style={
      Object {
        "fontSize": 32,
      }
    }
  >
    Signup
  </h1>,
  <div
    className="formContent"
  >
    <div
      className="MuiFormControl-root"
    >
      <label
        className="MuiFormLabel-root MuiInputLabel-root MuiInputLabel-formControl MuiInputLabel-animated"
        data-shrink={false}
        htmlFor="email"
      >
        Email
      </label>
      <div
        className="MuiInputBase-root MuiInput-root MuiInput-underline MuiInputBase-formControl MuiInput-formControl"
        onClick={[Function]}
      >
        <input
          aria-describedby="email-text"
          aria-invalid={false}
          className="MuiInputBase-input MuiInput-input"
          disabled={false}
          id="email"
          onBlur={[Function]}
          onChange={[Function]}
          onFocus={[Function]}
          required={false}
          type="text"
          value=""
        />
      </div>
    </div>
    <div
      className="MuiFormControl-root"
    >
      <label
        className="MuiFormLabel-root MuiInputLabel-root MuiInputLabel-formControl MuiInputLabel-animated"
        data-shrink={false}
        htmlFor="password"
      >
        Password
      </label>
      <div
        className="MuiInputBase-root MuiInput-root MuiInput-underline MuiInputBase-formControl MuiInput-formControl"
        onClick={[Function]}
      >
        <input
          aria-describedby="password-text"
          aria-invalid={false}
          className="MuiInputBase-input MuiInput-input"
          disabled={false}
          id="password"
          onBlur={[Function]}
          onChange={[Function]}
          onFocus={[Function]}
          required={false}
          type="password"
        />
      </div>
    </div>
    <div
      className="MuiFormControl-root"
    >
      <label
        className="MuiFormLabel-root MuiInputLabel-root MuiInputLabel-formControl MuiInputLabel-animated"
        data-shrink={false}
        htmlFor="confirm-password"
      >
        Confirm password
      </label>
      <div
        className="MuiInputBase-root MuiInput-root MuiInput-underline MuiInputBase-formControl MuiInput-formControl"
        onClick={[Function]}
      >
        <input
          aria-describedby="confirm-password-text"
          aria-invalid={false}
          className="MuiInputBase-input MuiInput-input"
          disabled={false}
          id="confirm-password"
          onBlur={[Function]}
          onChange={[Function]}
          onFocus={[Function]}
          required={false}
          type="password"
        />
      </div>
    </div>
  </div>,
  <button
    className="MuiButtonBase-root MuiButton-root formButton MuiButton-outlined MuiButton-outlinedSecondary"
    disabled={false}
    onBlur={[Function]}
    onClick={[Function]}
    onDragLeave={[Function]}
    onFocus={[Function]}
    onKeyDown={[Function]}
    onKeyUp={[Function]}
    onMouseDown={[Function]}
    onMouseLeave={[Function]}
    onMouseUp={[Function]}
    onTouchEnd={[Function]}
    onTouchMove={[Function]}
    onTouchStart={[Function]}
    tabIndex={0}
    type="button"
  >
    <span
      className="MuiButton-label"
    >
      Signup
    </span>
  </button>,
]
`;
